============================================================
YouTube to TikTok Converter - Production
============================================================
Downloader: OK
Converter: OK
Server: http://0.0.0.0:5000
============================================================
 * Serving Flask app 'app'
 * Debug mode: off
WARNING: This is a development server. Do not use it in a production deployment. Use a production WSGI server instead.
 * Running on all addresses (0.0.0.0)
 * Running on http://127.0.0.1:5000
 * Running on http://192.168.0.8:5000
Press CTRL+C to quit
127.0.0.1 - - [06/Jun/2026 20:02:11] "GET / HTTP/1.1" 200 -
